// Jest Snapshot v1, https://goo.gl/fbAQLP

exports[`Test Component should render foo text correctly 1`] = `
<div
  class="block bg-white text-left space-y-1 py-2 w-full sm:w-1/2 sm:space-y-0 md:w-1/3 md:space-x-6 dark:bg-gray-700"
  data-testid="TestButton"
>
  harvey was here
</div>
`;
